Archive member included to satisfy reference by file (symbol)

/Applications/ArmGNUToolchain/13.3.rel1/arm-none-eabi/bin/../lib/gcc/arm-none-eabi/13.3.1/thumb/v7e-m/nofp/libgcc.a(_aeabi_uldivmod.o)
                              CMakeFiles/can.elf.dir/Drivers/STM32F4xx_HAL_Driver/Src/stm32f4xx_hal_rcc.c.obj (__aeabi_uldivmod)
/Applications/ArmGNUToolchain/13.3.rel1/arm-none-eabi/bin/../lib/gcc/arm-none-eabi/13.3.1/thumb/v7e-m/nofp/libgcc.a(_udivmoddi4.o)
                              /Applications/ArmGNUToolchain/13.3.rel1/arm-none-eabi/bin/../lib/gcc/arm-none-eabi/13.3.1/thumb/v7e-m/nofp/libgcc.a(_aeabi_uldivmod.o) (__udivmoddi4)
/Applications/ArmGNUToolchain/13.3.rel1/arm-none-eabi/bin/../lib/gcc/arm-none-eabi/13.3.1/thumb/v7e-m/nofp/libgcc.a(_dvmd_tls.o)
                              /Applications/ArmGNUToolchain/13.3.rel1/arm-none-eabi/bin/../lib/gcc/arm-none-eabi/13.3.1/thumb/v7e-m/nofp/libgcc.a(_aeabi_uldivmod.o) (__aeabi_ldiv0)
/Applications/ArmGNUToolchain/13.3.rel1/arm-none-eabi/bin/../lib/gcc/arm-none-eabi/13.3.1/../../../../arm-none-eabi/lib/thumb/v7e-m/nofp/libg.a(libc_a-exit.o)
                              /Applications/ArmGNUToolchain/13.3.rel1/arm-none-eabi/bin/../lib/gcc/arm-none-eabi/13.3.1/../../../../arm-none-eabi/lib/thumb/v7e-m/nofp/crt0.o (exit)
/Applications/ArmGNUToolchain/13.3.rel1/arm-none-eabi/bin/../lib/gcc/arm-none-eabi/13.3.1/../../../../arm-none-eabi/lib/thumb/v7e-m/nofp/libg.a(libc_a-findfp.o)
                              /Applications/ArmGNUToolchain/13.3.rel1/arm-none-eabi/bin/../lib/gcc/arm-none-eabi/13.3.1/../../../../arm-none-eabi/lib/thumb/v7e-m/nofp/libg.a(libc_a-exit.o) (__stdio_exit_handler)
/Applications/ArmGNUToolchain/13.3.rel1/arm-none-eabi/bin/../lib/gcc/arm-none-eabi/13.3.1/../../../../arm-none-eabi/lib/thumb/v7e-m/nofp/libg.a(libc_a-memset.o)
                              /Applications/ArmGNUToolchain/13.3.rel1/arm-none-eabi/bin/../lib/gcc/arm-none-eabi/13.3.1/../../../../arm-none-eabi/lib/thumb/v7e-m/nofp/crt0.o (memset)
/Applications/ArmGNUToolchain/13.3.rel1/arm-none-eabi/bin/../lib/gcc/arm-none-eabi/13.3.1/../../../../arm-none-eabi/lib/thumb/v7e-m/nofp/libg.a(libc_a-impure.o)
                              /Applications/ArmGNUToolchain/13.3.rel1/arm-none-eabi/bin/../lib/gcc/arm-none-eabi/13.3.1/../../../../arm-none-eabi/lib/thumb/v7e-m/nofp/libg.a(libc_a-findfp.o) (_impure_data)
/Applications/ArmGNUToolchain/13.3.rel1/arm-none-eabi/bin/../lib/gcc/arm-none-eabi/13.3.1/../../../../arm-none-eabi/lib/thumb/v7e-m/nofp/libg.a(libc_a-errno.o)
                              CMakeFiles/can.elf.dir/Core/Src/syscalls.c.obj (__errno)
/Applications/ArmGNUToolchain/13.3.rel1/arm-none-eabi/bin/../lib/gcc/arm-none-eabi/13.3.1/../../../../arm-none-eabi/lib/thumb/v7e-m/nofp/libg.a(libc_a-init.o)
                              /Applications/ArmGNUToolchain/13.3.rel1/arm-none-eabi/bin/../lib/gcc/arm-none-eabi/13.3.1/../../../../arm-none-eabi/lib/thumb/v7e-m/nofp/crt0.o (__libc_init_array)
/Applications/ArmGNUToolchain/13.3.rel1/arm-none-eabi/bin/../lib/gcc/arm-none-eabi/13.3.1/../../../../arm-none-eabi/lib/thumb/v7e-m/nofp/libg.a(libc_a-lock.o)
                              /Applications/ArmGNUToolchain/13.3.rel1/arm-none-eabi/bin/../lib/gcc/arm-none-eabi/13.3.1/../../../../arm-none-eabi/lib/thumb/v7e-m/nofp/libg.a(libc_a-findfp.o) (__retarget_lock_init_recursive)
/Applications/ArmGNUToolchain/13.3.rel1/arm-none-eabi/bin/../lib/gcc/arm-none-eabi/13.3.1/../../../../arm-none-eabi/lib/thumb/v7e-m/nofp/libg.a(libc_a-__call_atexit.o)
                              /Applications/ArmGNUToolchain/13.3.rel1/arm-none-eabi/bin/../lib/gcc/arm-none-eabi/13.3.1/../../../../arm-none-eabi/lib/thumb/v7e-m/nofp/libg.a(libc_a-exit.o) (__call_exitprocs)
/Applications/ArmGNUToolchain/13.3.rel1/arm-none-eabi/bin/../lib/gcc/arm-none-eabi/13.3.1/../../../../arm-none-eabi/lib/thumb/v7e-m/nofp/libg.a(libc_a-atexit.o)
                              /Applications/ArmGNUToolchain/13.3.rel1/arm-none-eabi/bin/../lib/gcc/arm-none-eabi/13.3.1/../../../../arm-none-eabi/lib/thumb/v7e-m/nofp/libg.a(libc_a-__call_atexit.o) (atexit)
/Applications/ArmGNUToolchain/13.3.rel1/arm-none-eabi/bin/../lib/gcc/arm-none-eabi/13.3.1/../../../../arm-none-eabi/lib/thumb/v7e-m/nofp/libg.a(libc_a-mallocr.o)
                              /Applications/ArmGNUToolchain/13.3.rel1/arm-none-eabi/bin/../lib/gcc/arm-none-eabi/13.3.1/../../../../arm-none-eabi/lib/thumb/v7e-m/nofp/libg.a(libc_a-findfp.o) (_malloc_r)
/Applications/ArmGNUToolchain/13.3.rel1/arm-none-eabi/bin/../lib/gcc/arm-none-eabi/13.3.1/../../../../arm-none-eabi/lib/thumb/v7e-m/nofp/libg.a(libc_a-mlock.o)
                              /Applications/ArmGNUToolchain/13.3.rel1/arm-none-eabi/bin/../lib/gcc/arm-none-eabi/13.3.1/../../../../arm-none-eabi/lib/thumb/v7e-m/nofp/libg.a(libc_a-mallocr.o) (__malloc_lock)
/Applications/ArmGNUToolchain/13.3.rel1/arm-none-eabi/bin/../lib/gcc/arm-none-eabi/13.3.1/../../../../arm-none-eabi/lib/thumb/v7e-m/nofp/libg.a(libc_a-fwalk.o)
[...]
Memory Configuration

Name             Origin             Length             Attributes
CCMRAM           0x10000000         0x00010000         xrw
RAM              0x20000000         0x00020000         xrw
FLASH            0x08000000         0x00100000         xr
*default*        0x00000000         0xffffffff

Linker script and memory map

LOAD /Applications/ArmGNUToolchain/13.3.rel1/arm-none-eabi/bin/../lib/gcc/arm-none-eabi/13.3.1/thumb/v7e-m/nofp/crti.o
LOAD /Applications/ArmGNUToolchain/13.3.rel1/arm-none-eabi/bin/../lib/gcc/arm-none-eabi/13.3.1/thumb/v7e-m/nofp/crtbegin.o
LOAD /Applications/ArmGNUToolchain/13.3.rel1/arm-none-eabi/bin/../lib/gcc/arm-none-eabi/13.3.1/../../../../arm-none-eabi/lib/thumb/v7e-m/nofp/crt0.o
LOAD CMakeFiles/can.elf.dir/Core/Src/can.c.obj
LOAD CMakeFiles/can.elf.dir/Core/Src/gpio.c.obj
LOAD CMakeFiles/can.elf.dir/Core/Src/main.c.obj
LOAD CMakeFiles/can.elf.dir/Core/Src/stm32f4xx_hal_msp.c.obj
LOAD CMakeFiles/can.elf.dir/Core/Src/stm32f4xx_it.c.obj
LOAD CMakeFiles/can.elf.dir/Core/Src/syscalls.c.obj
LOAD CMakeFiles/can.elf.dir/Core/Src/sysmem.c.obj
LOAD CMakeFiles/can.elf.dir/Core/Src/system_stm32f4xx.c.obj
LOAD CMakeFiles/can.elf.dir/Core/Startup/startup_stm32f407ighx.s.obj
LOAD CMakeFiles/can.elf.dir/Core/application/CAN_receive.c.obj
LOAD CMakeFiles/can.elf.dir/Core/bsp/bsp_can.c.obj
LOAD CMakeFiles/can.elf.dir/Drivers/STM32F4xx_HAL_Driver/Src/stm32f4xx_hal.c.obj
LOAD CMakeFiles/can.elf.dir/Drivers/STM32F4xx_HAL_Driver/Src/stm32f4xx_hal_can.c.obj
LOAD CMakeFiles/can.elf.dir/Drivers/STM32F4xx_HAL_Driver/Src/stm32f4xx_hal_cortex.c.obj
LOAD CMakeFiles/can.elf.dir/Drivers/STM32F4xx_HAL_Driver/Src/stm32f4xx_hal_dma.c.obj
LOAD CMakeFiles/can.elf.dir/Drivers/STM32F4xx_HAL_Driver/Src/stm32f4xx_hal_dma_ex.c.obj
LOAD CMakeFiles/can.elf.dir/Drivers/STM32F4xx_HAL_Driver/Src/stm32f4xx_hal_exti.c.obj
LOAD CMakeFiles/can.elf.dir/Drivers/STM32F4xx_HAL_Driver/Src/stm32f4xx_hal_flash.c.obj
LOAD CMakeFiles/can.elf.dir/Drivers/STM32F4xx_HAL_Driver/Src/stm32f4xx_hal_flash_ex.c.obj
LOAD CMakeFiles/can.elf.dir/Drivers/STM32F4xx_HAL_Driver/Src/stm32f4xx_hal_flash_ramfunc.c.obj
LOAD CMakeFiles/can.elf.dir/Drivers/STM32F4xx_HAL_Driver/Src/stm32f4xx_hal_gpio.c.obj
LOAD CMakeFiles/can.elf.dir/Drivers/STM32F4xx_HAL_Driver/Src/stm32f4xx_hal_pwr.c.obj
LOAD CMakeFiles/can.elf.dir/Drivers/STM32F4xx_HAL_Driver/Src/stm32f4xx_hal_pwr_ex.c.obj
LOAD CMakeFiles/can.elf.dir/Drivers/STM32F4xx_HAL_Driver/Src/stm32f4xx_hal_rcc.c.obj
LOAD CMakeFiles/can.elf.dir/Drivers/STM32F4xx_HAL_Driver/Src/stm32f4xx_hal_rcc_ex.c.obj
LOAD CMakeFiles/can.elf.dir/Drivers/STM32F4xx_HAL_Driver/Src/stm32f4xx_hal_tim.c.obj
LOAD CMakeFiles/can.elf.dir/Drivers/STM32F4xx_HAL_Driver/Src/stm32f4xx_hal_tim_ex.c.obj
START GROUP
LOAD /Applications/ArmGNUToolchain/13.3.rel1/arm-none-eabi/bin/../lib/gcc/arm-none-eabi/13.3.1/thumb/v7e-m/nofp/libgcc.a
LOAD /Applications/ArmGNUToolchain/13.3.rel1/arm-none-eabi/bin/../lib/gcc/arm-none-eabi/13.3.1/../../../../arm-none-eabi/lib/thumb/v7e-m/nofp/libg.a
LOAD /Applications/ArmGNUToolchain/13.3.rel1/arm-none-eabi/bin/../lib/gcc/arm-none-eabi/13.3.1/../../../../arm-none-eabi/lib/thumb/v7e-m/nofp/libc.a
END GROUP
LOAD /Applications/ArmGNUToolchain/13.3.rel1/arm-none-eabi/bin/../lib/gcc/arm-none-eabi/13.3.1/thumb/v7e-m/nofp/crtend.o
LOAD /Applications/ArmGNUToolchain/13.3.rel1/arm-none-eabi/bin/../lib/gcc/arm-none-eabi/13.3.1/thumb/v7e-m/nofp/crtn.o
                0x20020000                        _estack = (ORIGIN (RAM) + LENGTH (RAM))
                0x00000200                        _Min_Heap_Size = 0x200
                0x00000400                        _Min_Stack_Size = 0x400

.isr_vector     0x08000000      0x188
                0x08000000                        . = ALIGN (0x4)
 *(.isr_vector)
 .isr_vector    0x08000000      0x188 CMakeFiles/can.elf.dir/Core/Startup/startup_stm32f407ighx.s.obj
                0x08000000                g_pfnVectors
                0x08000188                        . = ALIGN (0x4)

.text           0x08000188     0x1c20
                0x08000188                        . = ALIGN (0x4)
 *(.text)
 .text          0x08000188       0x30 /Applications/ArmGNUToolchain/13.3.rel1/arm-none-eabi/bin/../lib/gcc/arm-none-eabi/13.3.1/thumb/v7e-m/nofp/libgcc.a(_aeabi_uldivmod.o)
                0x08000188                __aeabi_uldivmod
 .text          0x080001b8        0x4 /Applications/ArmGNUToolchain/13.3.rel1/arm-none-eabi/bin/../lib/gcc/arm-none-eabi/13.3.1/thumb/v7e-m/nofp/libgcc.a(_dvmd_tls.o)
                0x080001b8                __aeabi_ldiv0
                0x080001b8                __aeabi_idiv0
 *(.text*)
 .text.deregister_tm_clones
                0x080001bc       0x1c /Applications/ArmGNUToolchain/13.3.rel1/arm-none-eabi/bin/../lib/gcc/arm-none-eabi/13.3.1/thumb/v7e-m/nofp/crtbegin.o
 .text.register_tm_clones
                0x080001d8       0x24 /Applications/ArmGNUToolchain/13.3.rel1/arm-none-eabi/bin/../lib/gcc/arm-none-eabi/13.3.1/thumb/v7e-m/nofp/crtbegin.o
 .text.__do_global_dtors_aux
                0x080001fc       0x28 /Applications/ArmGNUToolchain/13.3.rel1/arm-none-eabi/bin/../lib/gcc/arm-none-eabi/13.3.1/thumb/v7e-m/nofp/crtbegin.o
 .text.frame_dummy
                0x08000224       0x24 /Applications/ArmGNUToolchain/13.3.rel1/arm-none-eabi/bin/../lib/gcc/arm-none-eabi/13.3.1/thumb/v7e-m/nofp/crtbegin.o
 .text.MX_CAN1_Init
                0x08000248       0x40 CMakeFiles/can.elf.dir/Core/Src/can.c.obj
                0x08000248                MX_CAN1_Init
 .text.MX_CAN2_Init
                0x08000288       0x40 CMakeFiles/can.elf.dir/Core/Src/can.c.obj
                0x08000288                MX_CAN2_Init
 .text.HAL_CAN_MspInit
                0x080002c8      0x110 CMakeFiles/can.elf.dir/Core/Src/can.c.obj
                0x080002c8                HAL_CAN_MspInit
 .text.MX_GPIO_Init
                0x080003d8       0x80 CMakeFiles/can.elf.dir/Core/Src/gpio.c.obj
                0x080003d8                MX_GPIO_Init
 .text.Error_Handler
                0x08000458        0x4 CMakeFiles/can.elf.dir/Core/Src/main.c.obj
                0x08000458                Error_Handler
 .text.SystemClock_Config
                0x0800045c       0xa8 CMakeFiles/can.elf.dir/Core/Src/main.c.obj
                0x0800045c                SystemClock_Config
 .text.main     0x08000504       0x44 CMakeFiles/can.elf.dir/Core/Src/main.c.obj
                0x08000504                main
 .text.HAL_MspInit
                0x08000548       0x38 CMakeFiles/can.elf.dir/Core/Src/stm32f4xx_hal_msp.c.obj
                0x08000548                HAL_MspInit
 .text.NMI_Handler
                0x08000580        0x2 CMakeFiles/can.elf.dir/Core/Src/stm32f4xx_it.c.obj
                0x08000580                NMI_Handler
 .text.HardFault_Handler
                0x08000582        0x2 CMakeFiles/can.elf.dir/Core/Src/stm32f4xx_it.c.obj
                0x08000582                HardFault_Handler
 .text.MemManage_Handler
                0x08000584        0x2 CMakeFiles/can.elf.dir/Core/Src/stm32f4xx_it.c.obj
                0x08000584                MemManage_Handler
 .text.BusFault_Handler
                0x08000586        0x2 CMakeFiles/can.elf.dir/Core/Src/stm32f4xx_it.c.obj
                0x08000586                BusFault_Handler
 .text.UsageFault_Handler
                0x08000588        0x2 CMakeFiles/can.elf.dir/Core/Src/stm32f4xx_it.c.obj
                0x08000588                UsageFault_Handler
 .text.SVC_Handler
                0x0800058a        0x2 CMakeFiles/can.elf.dir/Core/Src/stm32f4xx_it.c.obj
                0x0800058a                SVC_Handler
 .text.DebugMon_Handler
                0x0800058c        0x2 CMakeFiles/can.elf.dir/Core/Src/stm32f4xx_it.c.obj
                0x0800058c                DebugMon_Handler
 .text.PendSV_Handler
                0x0800058e        0x2 CMakeFiles/can.elf.dir/Core/Src/stm32f4xx_it.c.obj
                0x0800058e                PendSV_Handler
 .text.SysTick_Handler
                0x08000590        0x8 CMakeFiles/can.elf.dir/Core/Src/stm32f4xx_it.c.obj
                0x08000590                SysTick_Handler
 .text.CAN2_RX0_IRQHandler
                0x08000598       0x10 CMakeFiles/can.elf.dir/Core/Src/stm32f4xx_it.c.obj
                0x08000598                CAN2_RX0_IRQHandler
 .text.SystemInit
                0x080005a8        0x2 CMakeFiles/can.elf.dir/Core/Src/system_stm32f4xx.c.obj
                0x080005a8                SystemInit
 *fill*         0x080005aa        0x2 
 .text.Reset_Handler
                0x080005ac       0x50 CMakeFiles/can.elf.dir/Core/Startup/startup_stm32f407ighx.s.obj
                0x080005ac                Reset_Handler
 .text.Default_Handler
                0x080005fc        0x2 CMakeFiles/can.elf.dir/Core/Startup/startup_stm32f407ighx.s.obj
                0x080005fc                DMA1_Stream3_IRQHandler
                0x080005fc                HASH_RNG_IRQHandler
                0x080005fc                EXTI2_IRQHandler
                0x080005fc                TIM8_CC_IRQHandler
                0x080005fc                TIM1_CC_IRQHandler
                0x080005fc                DMA2_Stream5_IRQHandler
                0x080005fc                DMA1_Stream5_IRQHandler
                0x080005fc                PVD_IRQHandler
                0x080005fc                SDIO_IRQHandler
                0x080005fc                TAMP_STAMP_IRQHandler
                0x080005fc                CAN2_RX1_IRQHandler
                0x080005fc                EXTI3_IRQHandler
                0x080005fc                TIM8_TRG_COM_TIM14_IRQHandler
                0x080005fc                TIM1_UP_TIM10_IRQHandler
                0x080005fc                TIM8_UP_TIM13_IRQHandler
                0x080005fc                I2C3_ER_IRQHandler
                0x080005fc                EXTI0_IRQHandler
                0x080005fc                I2C2_EV_IRQHandler
                0x080005fc                DMA1_Stream2_IRQHandler
                0x080005fc                CAN1_RX0_IRQHandler
                0x080005fc                FPU_IRQHandler
                0x080005fc                OTG_HS_WKUP_IRQHandler
                0x080005fc                CAN2_SCE_IRQHandler
                0x080005fc                DMA2_Stream2_IRQHandler
                0x080005fc                SPI1_IRQHandler
                0x080005fc                TIM6_DAC_IRQHandler
                0x080005fc                TIM1_BRK_TIM9_IRQHandler
                0x080005fc                DCMI_IRQHandler
                0x080005fc                DMA2_Stream3_IRQHandler
                0x080005fc                USART6_IRQHandler
                0x080005fc                USART3_IRQHandler
                0x080005fc                CAN1_RX1_IRQHandler
                0x080005fc                UART5_IRQHandler
                0x080005fc                DMA2_Stream0_IRQHandler
                0x080005fc                TIM4_IRQHandler
                0x080005fc                I2C1_EV_IRQHandler
                0x080005fc                DMA1_Stream6_IRQHandler
                0x080005fc                DMA1_Stream1_IRQHandler
                0x080005fc                UART4_IRQHandler
                0x080005fc                TIM3_IRQHandler
                0x080005fc                RCC_IRQHandler
                0x080005fc                TIM8_BRK_TIM12_IRQHandler
                0x080005fc                Default_Handler
                0x080005fc                EXTI15_10_IRQHandler
                0x080005fc                ADC_IRQHandler
                0x080005fc                DMA1_Stream7_IRQHandler
                0x080005fc                TIM7_IRQHandler
                0x080005fc                CAN2_TX_IRQHandler
                0x080005fc                TIM5_IRQHandler
                0x080005fc                DMA2_Stream7_IRQHandler
                0x080005fc                I2C3_EV_IRQHandler
                0x080005fc                EXTI9_5_IRQHandler
                0x080005fc                RTC_WKUP_IRQHandler
                0x080005fc                ETH_WKUP_IRQHandler
                0x080005fc                SPI2_IRQHandler
                0x080005fc                OTG_HS_EP1_IN_IRQHandler
                0x080005fc                DMA1_Stream0_IRQHandler
                0x080005fc                CAN1_TX_IRQHandler
                0x080005fc                EXTI4_IRQHandler
                0x080005fc                FSMC_IRQHandler
                0x080005fc                ETH_IRQHandler
                0x080005fc                OTG_HS_EP1_OUT_IRQHandler
                0x080005fc                WWDG_IRQHandler
                0x080005fc                TIM2_IRQHandler
                0x080005fc                OTG_FS_WKUP_IRQHandler
                0x080005fc                TIM1_TRG_COM_TIM11_IRQHandler
                0x080005fc                OTG_HS_IRQHandler
                0x080005fc                EXTI1_IRQHandler
                0x080005fc                USART2_IRQHandler
                0x080005fc                I2C2_ER_IRQHandler
                0x080005fc                DMA2_Stream1_IRQHandler
                0x080005fc                CAN1_SCE_IRQHandler
                0x080005fc                FLASH_IRQHandler
                0x080005fc                DMA2_Stream4_IRQHandler
                0x080005fc                USART1_IRQHandler
                0x080005fc                OTG_FS_IRQHandler
                0x080005fc                SPI3_IRQHandler
                0x080005fc                DMA1_Stream4_IRQHandler
                0x080005fc                I2C1_ER_IRQHandler
                0x080005fc                DMA2_Stream6_IRQHandler
                0x080005fc                RTC_Alarm_IRQHandler
 *fill*         0x080005fe        0x2 
 .text.HAL_CAN_RxFifo0MsgPendingCallback
                0x08000600       0x84 CMakeFiles/can.elf.dir/Core/application/CAN_receive.c.obj
                0x08000600                HAL_CAN_RxFifo0MsgPendingCallback
 .text.CAN_cmd_gimbal
                0x08000684       0x54 CMakeFiles/can.elf.dir/Core/application/CAN_receive.c.obj
                0x08000684                CAN_cmd_gimbal
 .text.CAN_cmd_chassis
                0x080006d8       0x54 CMakeFiles/can.elf.dir/Core/application/CAN_receive.c.obj
                0x080006d8                CAN_cmd_chassis
 .text.can_filter_init
                0x0800072c       0x5c CMakeFiles/can.elf.dir/Core/bsp/bsp_can.c.obj
                0x0800072c                can_filter_init
 .text.HAL_InitTick
                0x08000788       0x4c CMakeFiles/can.elf.dir/Drivers/STM32F4xx_HAL_Driver/Src/stm32f4xx_hal.c.obj
                0x08000788                HAL_InitTick
 .text.HAL_Init
                0x080007d4       0x34 CMakeFiles/can.elf.dir/Drivers/STM32F4xx_HAL_Driver/Src/stm32f4xx_hal.c.obj
                0x080007d4                HAL_Init
 .text.HAL_IncTick
                0x08000808       0x18 CMakeFiles/can.elf.dir/Drivers/STM32F4xx_HAL_Driver/Src/stm32f4xx_hal.c.obj
                0x08000808                HAL_IncTick
 .text.HAL_GetTick
                0x08000820        0xc CMakeFiles/can.elf.dir/Drivers/STM32F4xx_HAL_Driver/Src/stm32f4xx_hal.c.obj
                0x08000820                HAL_GetTick
 .text.HAL_Delay
                0x0800082c       0x28 CMakeFiles/can.elf.dir/Drivers/STM32F4xx_HAL_Driver/Src/stm32f4xx_hal.c.obj
                0x0800082c                HAL_Delay
 .text.HAL_CAN_Init
                0x08000854      0x14c CMakeFiles/can.elf.dir/Drivers/STM32F4xx_HAL_Driver/Src/stm32f4xx_hal_can.c.obj
                0x08000854                HAL_CAN_Init
 .text.HAL_CAN_ConfigFilter
                0x080009a0      0x13c CMakeFiles/can.elf.dir/Drivers/STM32F4xx_HAL_Driver/Src/stm32f4xx_hal_can.c.obj
                0x080009a0                HAL_CAN_ConfigFilter
 .text.HAL_CAN_Start
                0x08000adc       0x5c CMakeFiles/can.elf.dir/Drivers/STM32F4xx_HAL_Driver/Src/stm32f4xx_hal_can.c.obj
                0x08000adc                HAL_CAN_Start
 .text.HAL_CAN_AddTxMessage
                0x08000b38       0xea CMakeFiles/can.elf.dir/Drivers/STM32F4xx_HAL_Driver/Src/stm32f4xx_hal_can.c.obj
                0x08000b38                HAL_CAN_AddTxMessage
 .text.HAL_CAN_GetRxMessage
                0x08000c22      0x16a CMakeFiles/can.elf.dir/Drivers/STM32F4xx_HAL_Driver/Src/stm32f4xx_hal_can.c.obj
                0x08000c22                HAL_CAN_GetRxMessage
 .text.HAL_CAN_ActivateNotification
                0x08000d8c       0x24 CMakeFiles/can.elf.dir/Drivers/STM32F4xx_HAL_Driver/Src/stm32f4xx_hal_can.c.obj
                0x08000d8c                HAL_CAN_ActivateNotification
 .text.HAL_CAN_TxMailbox0CompleteCallback
                0x08000db0        0x2 CMakeFiles/can.elf.dir/Drivers/STM32F4xx_HAL_Driver/Src/stm32f4xx_hal_can.c.obj
                0x08000db0                HAL_CAN_TxMailbox0CompleteCallback
 .text.HAL_CAN_TxMailbox1CompleteCallback
                0x08000db2        0x2 CMakeFiles/can.elf.dir/Drivers/STM32F4xx_HAL_Driver/Src/stm32f4xx_hal_can.c.obj
                0x08000db2                HAL_CAN_TxMailbox1CompleteCallback
 .text.HAL_CAN_TxMailbox2CompleteCallback
                0x08000db4        0x2 CMakeFiles/can.elf.dir/Drivers/STM32F4xx_HAL_Driver/Src/stm32f4xx_hal_can.c.obj
                0x08000db4                HAL_CAN_TxMailbox2CompleteCallback
 .text.HAL_CAN_TxMailbox0AbortCallback
                0x08000db6        0x2 CMakeFiles/can.elf.dir/Drivers/STM32F4xx_HAL_Driver/Src/stm32f4xx_hal_can.c.obj
                0x08000db6                HAL_CAN_TxMailbox0AbortCallback
 .text.HAL_CAN_TxMailbox1AbortCallback
                0x08000db8        0x2 CMakeFiles/can.elf.dir/Drivers/STM32F4xx_HAL_Driver/Src/stm32f4xx_hal_can.c.obj
                0x08000db8                HAL_CAN_TxMailbox1AbortCallback
 .text.HAL_CAN_TxMailbox2AbortCallback
                0x08000dba        0x2 CMakeFiles/can.elf.dir/Drivers/STM32F4xx_HAL_Driver/Src/stm32f4xx_hal_can.c.obj
                0x08000dba                HAL_CAN_TxMailbox2AbortCallback
 .text.HAL_CAN_RxFifo0FullCallback
                0x08000dbc        0x2 CMakeFiles/can.elf.dir/Drivers/STM32F4xx_HAL_Driver/Src/stm32f4xx_hal_can.c.obj
                0x08000dbc                HAL_CAN_RxFifo0FullCallback
 .text.HAL_CAN_RxFifo1MsgPendingCallback
                0x08000dbe        0x2 CMakeFiles/can.elf.dir/Drivers/STM32F4xx_HAL_Driver/Src/stm32f4xx_hal_can.c.obj
                0x08000dbe                HAL_CAN_RxFifo1MsgPendingCallback
 .text.HAL_CAN_RxFifo1FullCallback
                0x08000dc0        0x2 CMakeFiles/can.elf.dir/Drivers/STM32F4xx_HAL_Driver/Src/stm32f4xx_hal_can.c.obj
                0x08000dc0                HAL_CAN_RxFifo1FullCallback
 .text.HAL_CAN_SleepCallback
                0x08000dc2        0x2 CMakeFiles/can.elf.dir/Drivers/STM32F4xx_HAL_Driver/Src/stm32f4xx_hal_can.c.obj
                0x08000dc2                HAL_CAN_SleepCallback
 .text.HAL_CAN_WakeUpFromRxMsgCallback
                0x08000dc4        0x2 CMakeFiles/can.elf.dir/Drivers/STM32F4xx_HAL_Driver/Src/stm32f4xx_hal_can.c.obj
                0x08000dc4                HAL_CAN_WakeUpFromRxMsgCallback
 .text.HAL_CAN_ErrorCallback
                0x08000dc6        0x2 CMakeFiles/can.elf.dir/Drivers/STM32F4xx_HAL_Driver/Src/stm32f4xx_hal_can.c.obj
                0x08000dc6                HAL_CAN_ErrorCallback
 .text.HAL_CAN_IRQHandler
                0x08000dc8      0x250 CMakeFiles/can.elf.dir/Drivers/STM32F4xx_HAL_Driver/Src/stm32f4xx_hal_can.c.obj
                0x08000dc8                HAL_CAN_IRQHandler
 .text.__NVIC_EnableIRQ
                0x08001018       0x1c CMakeFiles/can.elf.dir/Drivers/STM32F4xx_HAL_Driver/Src/stm32f4xx_hal_cortex.c.obj
 .text.__NVIC_SetPriority
                0x08001034       0x28 CMakeFiles/can.elf.dir/Drivers/STM32F4xx_HAL_Driver/Src/stm32f4xx_hal_cortex.c.obj
 .text.NVIC_EncodePriority
                0x0800105c       0x3e CMakeFiles/can.elf.dir/Drivers/STM32F4xx_HAL_Driver/Src/stm32f4xx_hal_cortex.c.obj
 *fill*         0x0800109a        0x2 
 .text.HAL_NVIC_SetPriorityGrouping
                0x0800109c       0x24 CMakeFiles/can.elf.dir/Drivers/STM32F4xx_HAL_Driver/Src/stm32f4xx_hal_cortex.c.obj
                0x0800109c                HAL_NVIC_SetPriorityGrouping
 .text.HAL_NVIC_SetPriority
                0x080010c0       0x20 CMakeFiles/can.elf.dir/Drivers/STM32F4xx_HAL_Driver/Src/stm32f4xx_hal_cortex.c.obj
                0x080010c0                HAL_NVIC_SetPriority
 .text.HAL_NVIC_EnableIRQ
                0x080010e0        0x8 CMakeFiles/can.elf.dir/Drivers/STM32F4xx_HAL_Driver/Src/stm32f4xx_hal_cortex.c.obj
                0x080010e0                HAL_NVIC_EnableIRQ
 .text.HAL_SYSTICK_Config
                0x080010e8       0x28 CMakeFiles/can.elf.dir/Drivers/STM32F4xx_HAL_Driver/Src/stm32f4xx_hal_cortex.c.obj
                0x080010e8                HAL_SYSTICK_Config
 .text.HAL_GPIO_Init
                0x08001110      0x1f4 CMakeFiles/can.elf.dir/Drivers/STM32F4xx_HAL_Driver/Src/stm32f4xx_hal_gpio.c.obj
                0x08001110                HAL_GPIO_Init
 .text.HAL_GPIO_WritePin
                0x08001304        0xc CMakeFiles/can.elf.dir/Drivers/STM32F4xx_HAL_Driver/Src/stm32f4xx_hal_gpio.c.obj
                0x08001304                HAL_GPIO_WritePin
 .text.HAL_RCC_OscConfig
                0x08001310      0x3f8 CMakeFiles/can.elf.dir/Drivers/STM32F4xx_HAL_Driver/Src/stm32f4xx_hal_rcc.c.obj
                0x08001310                HAL_RCC_OscConfig
 .text.HAL_RCC_GetSysClockFreq
                0x08001708       0xa8 CMakeFiles/can.elf.dir/Drivers/STM32F4xx_HAL_Driver/Src/stm32f4xx_hal_rcc.c.obj
                0x08001708                HAL_RCC_GetSysClockFreq
 .text.HAL_RCC_ClockConfig
                0x080017b0      0x160 CMakeFiles/can.elf.dir/Drivers/STM32F4xx_HAL_Driver/Src/stm32f4xx_hal_rcc.c.obj
                0x080017b0                HAL_RCC_ClockConfig
 .text.__udivmoddi4
                0x08001910      0x2bc /Applications/ArmGNUToolchain/13.3.rel1/arm-none-eabi/bin/../lib/gcc/arm-none-eabi/13.3.1/thumb/v7e-m/nofp/libgcc.a(_udivmoddi4.o)
                0x08001910                __udivmoddi4
 .text.memset   0x08001bcc       0xa4 /Applications/ArmGNUToolchain/13.3.rel1/arm-none-eabi/bin/../lib/gcc/arm-none-eabi/13.3.1/../../../../arm-none-eabi/lib/thumb/v7e-m/nofp/libg.a(libc_a-memset.o)
                0x08001bcc                memset
 .text.__libc_init_array
                0x08001c70       0x50 /Applications/ArmGNUToolchain/13.3.rel1/arm-none-eabi/bin/../lib/gcc/arm-none-eabi/13.3.1/../../../../arm-none-eabi/lib/thumb/v7e-m/nofp/libg.a(libc_a-init.o)
                0x08001c70                __libc_init_array
 .text.__retarget_lock_acquire_recursive
                0x08001cc0        0x4 /Applications/ArmGNUToolchain/13.3.rel1/arm-none-eabi/bin/../lib/gcc/arm-none-eabi/13.3.1/../../../../arm-none-eabi/lib/thumb/v7e-m/nofp/libg.a(libc_a-lock.o)
                0x08001cc0                __retarget_lock_acquire_recursive
 .text.__retarget_lock_release_recursive
                0x08001cc4        0x4 /Applications/ArmGNUToolchain/13.3.rel1/arm-none-eabi/bin/../lib/gcc/arm-none-eabi/13.3.1/../../../../arm-none-eabi/lib/thumb/v7e-m/nofp/libg.a(libc_a-lock.o)
                0x08001cc4                __retarget_lock_release_recursive
 .text.startup.register_fini
                0x08001cc8       0x14 /Applications/ArmGNUToolchain/13.3.rel1/arm-none-eabi/bin/../lib/gcc/arm-none-eabi/13.3.1/../../../../arm-none-eabi/lib/thumb/v7e-m/nofp/libg.a(libc_a-__call_atexit.o)
 .text.atexit   0x08001cdc        0xc /Applications/ArmGNUToolchain/13.3.rel1/arm-none-eabi/bin/../lib/gcc/arm-none-eabi/13.3.1/../../../../arm-none-eabi/lib/thumb/v7e-m/nofp/libg.a(libc_a-atexit.o)
                0x08001cdc                atexit
 .text.__libc_fini_array
                0x08001ce8       0x28 /Applications/ArmGNUToolchain/13.3.rel1/arm-none-eabi/bin/../lib/gcc/arm-none-eabi/13.3.1/../../../../arm-none-eabi/lib/thumb/v7e-m/nofp/libg.a(libc_a-fini.o)
                0x08001ce8                __libc_fini_array
 .text.__register_exitproc
                0x08001d10       0x80 /Applications/ArmGNUToolchain/13.3.rel1/arm-none-eabi/bin/../lib/gcc/arm-none-eabi/13.3.1/../../../../arm-none-eabi/lib/thumb/v7e-m/nofp/libg.a(libc_a-__atexit.o)
                0x08001d10                __register_exitproc
 *(.glue_7)
 .glue_7        0x08001d90        0x0 linker stubs
 *(.glue_7t)
 .glue_7t       0x08001d90        0x0 linker stubs
 *(.eh_frame)
 .eh_frame      0x08001d90        0x0 /Applications/ArmGNUToolchain/13.3.rel1/arm-none-eabi/bin/../lib/gcc/arm-none-eabi/13.3.1/thumb/v7e-m/nofp/crtbegin.o
 *(.init)
 .init          0x08001d90        0x4 /Applications/ArmGNUToolchain/13.3.rel1/arm-none-eabi/bin/../lib/gcc/arm-none-eabi/13.3.1/thumb/v7e-m/nofp/crti.o
                0x08001d90                _init
 .init          0x08001d94        0x8 /Applications/ArmGNUToolchain/13.3.rel1/arm-none-eabi/bin/../lib/gcc/arm-none-eabi/13.3.1/thumb/v7e-m/nofp/crtn.o
 *(.fini)
 .fini          0x08001d9c        0x4 /Applications/ArmGNUToolchain/13.3.rel1/arm-none-eabi/bin/../lib/gcc/arm-none-eabi/13.3.1/thumb/v7e-m/nofp/crti.o
                0x08001d9c                _fini
 .fini          0x08001da0        0x8 /Applications/ArmGNUToolchain/13.3.rel1/arm-none-eabi/bin/../lib/gcc/arm-none-eabi/13.3.1/thumb/v7e-m/nofp/crtn.o
                0x08001da8                        . = ALIGN (0x4)
                0x08001da8                        _etext = .

.vfp11_veneer   0x08001da8        0x0
 .vfp11_veneer  0x08001da8        0x0 linker stubs

.v4_bx          0x08001da8        0x0
 .v4_bx         0x08001da8        0x0 linker stubs

.iplt           0x08001da8        0x0
 .iplt          0x08001da8        0x0 /Applications/ArmGNUToolchain/13.3.rel1/arm-none-eabi/bin/../lib/gcc/arm-none-eabi/13.3.1/thumb/v7e-m/nofp/crtbegin.o

.rodata         0x08001da8       0x10
                0x08001da8                        . = ALIGN (0x4)
 *(.rodata)
 *(.rodata*)
 .rodata.AHBPrescTable
                0x08001da8       0x10 CMakeFiles/can.elf.dir/Core/Src/system_stm32f4xx.c.obj
                0x08001da8                AHBPrescTable
                0x08001db8                        . = ALIGN (0x4)

.ARM.extab      0x08001db8        0x0
                0x08001db8                        . = ALIGN (0x4)
 *(.ARM.extab* .gnu.linkonce.armextab.*)
                0x08001db8                        . = ALIGN (0x4)

.ARM            0x08001db8        0x8
                0x08001db8                        . = ALIGN (0x4)
                0x08001db8                        __exidx_start = .
 *(.ARM.exidx*)
 .ARM.exidx.text.__udivmoddi4
                0x08001db8        0x8 /Applications/ArmGNUToolchain/13.3.rel1/arm-none-eabi/bin/../lib/gcc/arm-none-eabi/13.3.1/thumb/v7e-m/nofp/libgcc.a(_udivmoddi4.o)
                0x08001dc0                        __exidx_end = .
                0x08001dc0                        . = ALIGN (0x4)

.preinit_array  0x08001dc0        0x0
                0x08001dc0                        . = ALIGN (0x4)
                0x08001dc0                        PROVIDE (__preinit_array_start = .)
 *(.preinit_array*)
                0x08001dc0                        PROVIDE (__preinit_array_end = .)
                0x08001dc0                        . = ALIGN (0x4)

.init_array     0x08001dc0        0x8
                0x08001dc0                        . = ALIGN (0x4)
                0x08001dc0                        PROVIDE (__init_array_start = .)
 *(SORT_BY_NAME(.init_array.*))
 .init_array.00000
                0x08001dc0        0x4 /Applications/ArmGNUToolchain/13.3.rel1/arm-none-eabi/bin/../lib/gcc/arm-none-eabi/13.3.1/../../../../arm-none-eabi/lib/thumb/v7e-m/nofp/libg.a(libc_a-__call_atexit.o)
 *(.init_array*)
 .init_array    0x08001dc4        0x4 /Applications/ArmGNUToolchain/13.3.rel1/arm-none-eabi/bin/../lib/gcc/arm-none-eabi/13.3.1/thumb/v7e-m/nofp/crtbegin.o
                0x08001dc8                        PROVIDE (__init_array_end = .)
                0x08001dc8                        . = ALIGN (0x4)

.fini_array     0x08001dc8        0x4
                0x08001dc8                        . = ALIGN (0x4)
                0x08001dc8                        PROVIDE (__fini_array_start = .)
 *(SORT_BY_NAME(.fini_array.*))
 *(.fini_array*)
 .fini_array    0x08001dc8        0x4 /Applications/ArmGNUToolchain/13.3.rel1/arm-none-eabi/bin/../lib/gcc/arm-none-eabi/13.3.1/thumb/v7e-m/nofp/crtbegin.o
                0x08001dcc                        PROVIDE (__fini_array_end = .)
                0x08001dcc                        . = ALIGN (0x4)
                0x08001dcc                        _sidata = LOADADDR (.data)

.rel.dyn        0x08001dcc        0x0
 .rel.iplt      0x08001dcc        0x0 /Applications/ArmGNUToolchain/13.3.rel1/arm-none-eabi/bin/../lib/gcc/arm-none-eabi/13.3.1/thumb/v7e-m/nofp/crtbegin.o

.data           0x20000000       0x10 load address 0x08001dcc
                0x20000000                        . = ALIGN (0x4)
                0x20000000                        _sdata = .
 *(.data)
 *(.data*)
 .data.SystemCoreClock
                0x20000000        0x4 CMakeFiles/can.elf.dir/Core/Src/system_stm32f4xx.c.obj
                0x20000000                SystemCoreClock
 .data.uwTickFreq
                0x20000004        0x1 CMakeFiles/can.elf.dir/Drivers/STM32F4xx_HAL_Driver/Src/stm32f4xx_hal.c.obj
                0x20000004                uwTickFreq
 *fill*         0x20000005        0x3 
 .data.uwTickPrio
                0x20000008        0x4 CMakeFiles/can.elf.dir/Drivers/STM32F4xx_HAL_Driver/Src/stm32f4xx_hal.c.obj
                0x20000008                uwTickPrio
 .data.__atexit_recursive_mutex
                0x2000000c        0x4 /Applications/ArmGNUToolchain/13.3.rel1/arm-none-eabi/bin/../lib/gcc/arm-none-eabi/13.3.1/../../../../arm-none-eabi/lib/thumb/v7e-m/nofp/libg.a(libc_a-__call_atexit.o)
                0x2000000c                __atexit_recursive_mutex
 *(.RamFunc)
 *(.RamFunc*)
                0x20000010                        . = ALIGN (0x4)
                0x20000010                        _edata = .
                0x08001ddc                        _siccmram = LOADADDR (.ccmram)

.tm_clone_table
                0x20000010        0x0 load address 0x08001ddc
 .tm_clone_table
                0x20000010        0x0 /Applications/ArmGNUToolchain/13.3.rel1/arm-none-eabi/bin/../lib/gcc/arm-none-eabi/13.3.1/thumb/v7e-m/nofp/crtbegin.o
 .tm_clone_table
                0x20000010        0x0 /Applications/ArmGNUToolchain/13.3.rel1/arm-none-eabi/bin/../lib/gcc/arm-none-eabi/13.3.1/thumb/v7e-m/nofp/crtend.o

.igot.plt       0x20000010        0x0 load address 0x08001ddc
 .igot.plt      0x20000010        0x0 /Applications/ArmGNUToolchain/13.3.rel1/arm-none-eabi/bin/../lib/gcc/arm-none-eabi/13.3.1/thumb/v7e-m/nofp/crtbegin.o

.ccmram         0x10000000        0x0 load address 0x08001ddc
                0x10000000                        . = ALIGN (0x4)
                0x10000000                        _sccmram = .
 *(.ccmram)
 *(.ccmram*)
                0x10000000                        . = ALIGN (0x4)
                0x10000000                        _eccmram = .
                0x10000000                        . = ALIGN (0x4)

.bss            0x20000010      0x298
                0x20000010                        _sbss = .
                0x20000010                        __bss_start__ = _sbss
 *(.bss)
 *(.bss*)
 .bss.completed.1
                0x20000010        0x1 /Applications/ArmGNUToolchain/13.3.rel1/arm-none-eabi/bin/../lib/gcc/arm-none-eabi/13.3.1/thumb/v7e-m/nofp/crtbegin.o
 *fill*         0x20000011        0x3 
 .bss.object.0  0x20000014       0x18 /Applications/ArmGNUToolchain/13.3.rel1/arm-none-eabi/bin/../lib/gcc/arm-none-eabi/13.3.1/thumb/v7e-m/nofp/crtbegin.o
 .bss.HAL_RCC_CAN1_CLK_ENABLED
                0x2000002c        0x4 CMakeFiles/can.elf.dir/Core/Src/can.c.obj
 .bss.hcan2     0x20000030       0x28 CMakeFiles/can.elf.dir/Core/Src/can.c.obj
                0x20000030                hcan2
 .bss.hcan1     0x20000058       0x28 CMakeFiles/can.elf.dir/Core/Src/can.c.obj
                0x20000058                hcan1
 .bss.i.0       0x20000080        0x1 CMakeFiles/can.elf.dir/Core/application/CAN_receive.c.obj
 *fill*         0x20000081        0x3 
 .bss.chassis_can_send_data
                0x20000084        0x8 CMakeFiles/can.elf.dir/Core/application/CAN_receive.c.obj
 .bss.chassis_tx_message
                0x2000008c       0x18 CMakeFiles/can.elf.dir/Core/application/CAN_receive.c.obj
 .bss.gimbal_can_send_data
                0x200000a4        0x8 CMakeFiles/can.elf.dir/Core/application/CAN_receive.c.obj
 .bss.gimbal_tx_message
                0x200000ac       0x18 CMakeFiles/can.elf.dir/Core/application/CAN_receive.c.obj
 .bss.motor_total
                0x200000c4       0x46 CMakeFiles/can.elf.dir/Core/application/CAN_receive.c.obj
 *fill*         0x2000010a        0x2 
 .bss.uwTick    0x2000010c        0x4 CMakeFiles/can.elf.dir/Drivers/STM32F4xx_HAL_Driver/Src/stm32f4xx_hal.c.obj
                0x2000010c                uwTick
 .bss.__lock___atexit_recursive_mutex
                0x20000110        0x1 /Applications/ArmGNUToolchain/13.3.rel1/arm-none-eabi/bin/../lib/gcc/arm-none-eabi/13.3.1/../../../../arm-none-eabi/lib/thumb/v7e-m/nofp/libg.a(libc_a-lock.o)
                0x20000110                __lock___atexit_recursive_mutex
 *fill*         0x20000111        0x3 
 .bss.__atexit  0x20000114        0x4 /Applications/ArmGNUToolchain/13.3.rel1/arm-none-eabi/bin/../lib/gcc/arm-none-eabi/13.3.1/../../../../arm-none-eabi/lib/thumb/v7e-m/nofp/libg.a(libc_a-__call_atexit.o)
                0x20000114                __atexit
 .bss.__atexit0
                0x20000118      0x190 /Applications/ArmGNUToolchain/13.3.rel1/arm-none-eabi/bin/../lib/gcc/arm-none-eabi/13.3.1/../../../../arm-none-eabi/lib/thumb/v7e-m/nofp/libg.a(libc_a-__atexit.o)
                0x20000118                __atexit0
 *(COMMON)
                0x200002a8                        . = ALIGN (0x4)
                0x200002a8                        _ebss = .
                0x200002a8                        __bss_end__ = _ebss

._user_heap_stack
                0x200002a8      0x600
                0x200002a8                        . = ALIGN (0x8)
                [!provide]                        PROVIDE (end = .)
                0x200002a8                        PROVIDE (_end = .)
                0x200004a8                        . = (. + _Min_Heap_Size)
 *fill*         0x200002a8      0x200 
                0x200008a8                        . = (. + _Min_Stack_Size)
 *fill*         0x200004a8      0x400 
                0x200008a8                        . = ALIGN (0x8)

/DISCARD/
 libc.a(*)
 libm.a(*)
 libgcc.a(*)

.ARM.attributes
                0x00000000       0x2a
 *(.ARM.attributes)
 .ARM.attributes
                0x00000000       0x1e /Applications/ArmGNUToolchain/13.3.rel1/arm-none-eabi/bin/../lib/gcc/arm-none-eabi/13.3.1/thumb/v7e-m/nofp/crti.o
 .ARM.attributes
                0x0000001e       0x2e /Applications/ArmGNUToolchain/13.3.rel1/arm-none-eabi/bin/../lib/gcc/arm-none-eabi/13.3.1/thumb/v7e-m/nofp/crtbegin.o
 .ARM.attributes
                0x0000004c       0x2e CMakeFiles/can.elf.dir/Core/Src/can.c.obj
 .ARM.attributes
                0x0000007a       0x2e CMakeFiles/can.elf.dir/Core/Src/gpio.c.obj
 .ARM.attributes
                0x000000a8       0x2e CMakeFiles/can.elf.dir/Core/Src/main.c.obj
 .ARM.attributes
                0x000000d6       0x2e CMakeFiles/can.elf.dir/Core/Src/stm32f4xx_hal_msp.c.obj
 .ARM.attributes
                0x00000104       0x2e CMakeFiles/can.elf.dir/Core/Src/stm32f4xx_it.c.obj
 .ARM.attributes
                0x00000132       0x2e CMakeFiles/can.elf.dir/Core/Src/system_stm32f4xx.c.obj
 .ARM.attributes
                0x00000160       0x21 CMakeFiles/can.elf.dir/Core/Startup/startup_stm32f407ighx.s.obj
 .ARM.attributes
                0x00000181       0x2e CMakeFiles/can.elf.dir/Core/application/CAN_receive.c.obj
 .ARM.attributes
                0x000001af       0x2e CMakeFiles/can.elf.dir/Core/bsp/bsp_can.c.obj
 .ARM.attributes
                0x000001dd       0x2e CMakeFiles/can.elf.dir/Drivers/STM32F4xx_HAL_Driver/Src/stm32f4xx_hal.c.obj
 .ARM.attributes
                0x0000020b       0x2e CMakeFiles/can.elf.dir/Drivers/STM32F4xx_HAL_Driver/Src/stm32f4xx_hal_can.c.obj
 .ARM.attributes
                0x00000239       0x2e CMakeFiles/can.elf.dir/Drivers/STM32F4xx_HAL_Driver/Src/stm32f4xx_hal_cortex.c.obj
 .ARM.attributes
                0x00000267       0x2e CMakeFiles/can.elf.dir/Drivers/STM32F4xx_HAL_Driver/Src/stm32f4xx_hal_gpio.c.obj
 .ARM.attributes
                0x00000295       0x2e CMakeFiles/can.elf.dir/Drivers/STM32F4xx_HAL_Driver/Src/stm32f4xx_hal_rcc.c.obj
 .ARM.attributes
                0x000002c3       0x1e /Applications/ArmGNUToolchain/13.3.rel1/arm-none-eabi/bin/../lib/gcc/arm-none-eabi/13.3.1/thumb/v7e-m/nofp/libgcc.a(_aeabi_uldivmod.o)
 .ARM.attributes
                0x000002e1       0x2e /Applications/ArmGNUToolchain/13.3.rel1/arm-none-eabi/bin/../lib/gcc/arm-none-eabi/13.3.1/thumb/v7e-m/nofp/libgcc.a(_udivmoddi4.o)
 .ARM.attributes
                0x0000030f       0x1e /Applications/ArmGNUToolchain/13.3.rel1/arm-none-eabi/bin/../lib/gcc/arm-none-eabi/13.3.1/thumb/v7e-m/nofp/libgcc.a(_dvmd_tls.o)
 .ARM.attributes
                0x0000032d       0x2e /Applications/ArmGNUToolchain/13.3.rel1/arm-none-eabi/bin/../lib/gcc/arm-none-eabi/13.3.1/../../../../arm-none-eabi/lib/thumb/v7e-m/nofp/libg.a(libc_a-memset.o)
 .ARM.attributes
                0x0000035b       0x2e /Applications/ArmGNUToolchain/13.3.rel1/arm-none-eabi/bin/../lib/gcc/arm-none-eabi/13.3.1/../../../../arm-none-eabi/lib/thumb/v7e-m/nofp/libg.a(libc_a-init.o)
 .ARM.attributes
                0x00000389       0x2e /Applications/ArmGNUToolchain/13.3.rel1/arm-none-eabi/bin/../lib/gcc/arm-none-eabi/13.3.1/../../../../arm-none-eabi/lib/thumb/v7e-m/nofp/libg.a(libc_a-lock.o)
 .ARM.attributes
                0x000003b7       0x2e /Applications/ArmGNUToolchain/13.3.rel1/arm-none-eabi/bin/../lib/gcc/arm-none-eabi/13.3.1/../../../../arm-none-eabi/lib/thumb/v7e-m/nofp/libg.a(libc_a-__call_atexit.o)
 .ARM.attributes
                0x000003e5       0x2e /Applications/ArmGNUToolchain/13.3.rel1/arm-none-eabi/bin/../lib/gcc/arm-none-eabi/13.3.1/../../../../arm-none-eabi/lib/thumb/v7e-m/nofp/libg.a(libc_a-atexit.o)
 .ARM.attributes
                0x00000413       0x2e /Applications/ArmGNUToolchain/13.3.rel1/arm-none-eabi/bin/../lib/gcc/arm-none-eabi/13.3.1/../../../../arm-none-eabi/lib/thumb/v7e-m/nofp/libg.a(libc_a-fini.o)
 .ARM.attributes
                0x00000441       0x2e /Applications/ArmGNUToolchain/13.3.rel1/arm-none-eabi/bin/../lib/gcc/arm-none-eabi/13.3.1/../../../../arm-none-eabi/lib/thumb/v7e-m/nofp/libg.a(libc_a-__atexit.o)
 .ARM.attributes
                0x0000046f       0x2e /Applications/ArmGNUToolchain/13.3.rel1/arm-none-eabi/bin/../lib/gcc/arm-none-eabi/13.3.1/thumb/v7e-m/nofp/crtend.o
 .ARM.attributes
                0x0000049d       0x1e /Applications/ArmGNUToolchain/13.3.rel1/arm-none-eabi/bin/../lib/gcc/arm-none-eabi/13.3.1/thumb/v7e-m/nofp/crtn.o
OUTPUT(can.elf elf32-littlearm)
LOAD linker stubs
LOAD /Applications/ArmGNUToolchain/13.3.rel1/arm-none-eabi/bin/../lib/gcc/arm-none-eabi/13.3.1/../../../../arm-none-eabi/lib/thumb/v7e-m/nofp/libc.a
LOAD /Applications/ArmGNUToolchain/13.3.rel1/arm-none-eabi/bin/../lib/gcc/arm-none-eabi/13.3.1/../../../../arm-none-eabi/lib/thumb/v7e-m/nofp/libm.a
LOAD /Applications/ArmGNUToolchain/13.3.rel1/arm-none-eabi/bin/../lib/gcc/arm-none-eabi/13.3.1/thumb/v7e-m/nofp/libgcc.a

.debug_info     0x00000000     0x6dce
 .debug_info    0x00000000      0xc47 CMakeFiles/can.elf.dir/Core/Src/can.c.obj
 .debug_info    0x00000c47      0x424 CMakeFiles/can.elf.dir/Core/Src/gpio.c.obj
 .debug_info    0x0000106b      0x65a CMakeFiles/can.elf.dir/Core/Src/main.c.obj
 .debug_info    0x000016c5      0x265 CMakeFiles/can.elf.dir/Core/Src/stm32f4xx_hal_msp.c.obj
 .debug_info    0x0000192a      0x520 CMakeFiles/can.elf.dir/Core/Src/stm32f4xx_it.c.obj
 .debug_info    0x00001e4a      0x334 CMakeFiles/can.elf.dir/Core/Src/system_stm32f4xx.c.obj
 .debug_info    0x0000217e       0x30 CMakeFiles/can.elf.dir/Core/Startup/startup_stm32f407ighx.s.obj
 .debug_info    0x000021ae      0x8bc CMakeFiles/can.elf.dir/Core/application/CAN_receive.c.obj
 .debug_info    0x00002a6a      0x625 CMakeFiles/can.elf.dir/Core/bsp/bsp_can.c.obj
 .debug_info    0x0000308f      0x9e2 CMakeFiles/can.elf.dir/Drivers/STM32F4xx_HAL_Driver/Src/stm32f4xx_hal.c.obj
 .debug_info    0x00003a71     0x11f7 CMakeFiles/can.elf.dir/Drivers/STM32F4xx_HAL_Driver/Src/stm32f4xx_hal_can.c.obj
 .debug_info    0x00004c68      0xff5 CMakeFiles/can.elf.dir/Drivers/STM32F4xx_HAL_Driver/Src/stm32f4xx_hal_cortex.c.obj
 .debug_info    0x00005c5d      0x704 CMakeFiles/can.elf.dir/Drivers/STM32F4xx_HAL_Driver/Src/stm32f4xx_hal_gpio.c.obj
 .debug_info    0x00006361      0xa6d CMakeFiles/can.elf.dir/Drivers/STM32F4xx_HAL_Driver/Src/stm32f4xx_hal_rcc.c.obj

.debug_abbrev   0x00000000     0x19fe
 .debug_abbrev  0x00000000      0x241 CMakeFiles/can.elf.dir/Core/Src/can.c.obj
 .debug_abbrev  0x00000241      0x164 CMakeFiles/can.elf.dir/Core/Src/gpio.c.obj
 .debug_abbrev  0x000003a5      0x205 CMakeFiles/can.elf.dir/Core/Src/main.c.obj
 .debug_abbrev  0x000005aa       0xd6 CMakeFiles/can.elf.dir/Core/Src/stm32f4xx_hal_msp.c.obj
 .debug_abbrev  0x00000680      0x197 CMakeFiles/can.elf.dir/Core/Src/stm32f4xx_it.c.obj
 .debug_abbrev  0x00000817      0x120 CMakeFiles/can.elf.dir/Core/Src/system_stm32f4xx.c.obj
 .debug_abbrev  0x00000937       0x24 CMakeFiles/can.elf.dir/Core/Startup/startup_stm32f407ighx.s.obj
 .debug_abbrev  0x0000095b      0x1f7 CMakeFiles/can.elf.dir/Core/application/CAN_receive.c.obj
 .debug_abbrev  0x00000b52      0x197 CMakeFiles/can.elf.dir/Core/bsp/bsp_can.c.obj
 .debug_abbrev  0x00000ce9      0x240 CMakeFiles/can.elf.dir/Drivers/STM32F4xx_HAL_Driver/Src/stm32f4xx_hal.c.obj
 .debug_abbrev  0x00000f29      0x27b CMakeFiles/can.elf.dir/Drivers/STM32F4xx_HAL_Driver/Src/stm32f4xx_hal_can.c.obj
 .debug_abbrev  0x000011a4      0x391 CMakeFiles/can.elf.dir/Drivers/STM32F4xx_HAL_Driver/Src/stm32f4xx_hal_cortex.c.obj
 .debug_abbrev  0x00001535      0x202 CMakeFiles/can.elf.dir/Drivers/STM32F4xx_HAL_Driver/Src/stm32f4xx_hal_gpio.c.obj
 .debug_abbrev  0x00001737      0x2c7 CMakeFiles/can.elf.dir/Drivers/STM32F4xx_HAL_Driver/Src/stm32f4xx_hal_rcc.c.obj

.debug_loclists
                0x00000000     0x1ac6
 .debug_loclists
                0x00000000       0xae CMakeFiles/can.elf.dir/Core/Src/can.c.obj
 .debug_loclists
                0x000000ae       0xfa CMakeFiles/can.elf.dir/Core/Src/system_stm32f4xx.c.obj
 .debug_loclists
                0x000001a8      0x12e CMakeFiles/can.elf.dir/Core/application/CAN_receive.c.obj
 .debug_loclists
                0x000002d6       0xe1 CMakeFiles/can.elf.dir/Drivers/STM32F4xx_HAL_Driver/Src/stm32f4xx_hal.c.obj
 .debug_loclists
                0x000003b7      0xa57 CMakeFiles/can.elf.dir/Drivers/STM32F4xx_HAL_Driver/Src/stm32f4xx_hal_can.c.obj
 .debug_loclists
                0x00000e0e      0x54d CMakeFiles/can.elf.dir/Drivers/STM32F4xx_HAL_Driver/Src/stm32f4xx_hal_cortex.c.obj
 .debug_loclists
                0x0000135b      0x386 CMakeFiles/can.elf.dir/Drivers/STM32F4xx_HAL_Driver/Src/stm32f4xx_hal_gpio.c.obj
 .debug_loclists
                0x000016e1      0x3e5 CMakeFiles/can.elf.dir/Drivers/STM32F4xx_HAL_Driver/Src/stm32f4xx_hal_rcc.c.obj

.debug_aranges  0x00000000      0x5b0
 .debug_aranges
                0x00000000       0x38 CMakeFiles/can.elf.dir/Core/Src/can.c.obj
 .debug_aranges
                0x00000038       0x20 CMakeFiles/can.elf.dir/Core/Src/gpio.c.obj
 .debug_aranges
                0x00000058       0x30 CMakeFiles/can.elf.dir/Core/Src/main.c.obj
 .debug_aranges
                0x00000088       0x20 CMakeFiles/can.elf.dir/Core/Src/stm32f4xx_hal_msp.c.obj
 .debug_aranges
                0x000000a8       0x68 CMakeFiles/can.elf.dir/Core/Src/stm32f4xx_it.c.obj
 .debug_aranges
                0x00000110       0x28 CMakeFiles/can.elf.dir/Core/Src/system_stm32f4xx.c.obj
 .debug_aranges
                0x00000138       0x28 CMakeFiles/can.elf.dir/Core/Startup/startup_stm32f407ighx.s.obj
 .debug_aranges
                0x00000160       0x30 CMakeFiles/can.elf.dir/Core/application/CAN_receive.c.obj
 .debug_aranges
                0x00000190       0x20 CMakeFiles/can.elf.dir/Core/bsp/bsp_can.c.obj
 .debug_aranges
                0x000001b0       0xf0 CMakeFiles/can.elf.dir/Drivers/STM32F4xx_HAL_Driver/Src/stm32f4xx_hal.c.obj
 .debug_aranges
                0x000002a0      0x138 CMakeFiles/can.elf.dir/Drivers/STM32F4xx_HAL_Driver/Src/stm32f4xx_hal_can.c.obj
 .debug_aranges
                0x000003d8       0xf8 CMakeFiles/can.elf.dir/Drivers/STM32F4xx_HAL_Driver/Src/stm32f4xx_hal_cortex.c.obj
 .debug_aranges
                0x000004d0       0x58 CMakeFiles/can.elf.dir/Drivers/STM32F4xx_HAL_Driver/Src/stm32f4xx_hal_gpio.c.obj
 .debug_aranges
                0x00000528       0x88 CMakeFiles/can.elf.dir/Drivers/STM32F4xx_HAL_Driver/Src/stm32f4xx_hal_rcc.c.obj

.debug_rnglists
                0x00000000      0x42a
 .debug_rnglists
                0x00000000       0x26 CMakeFiles/can.elf.dir/Core/Src/can.c.obj
 .debug_rnglists
                0x00000026       0x14 CMakeFiles/can.elf.dir/Core/Src/gpio.c.obj
 .debug_rnglists
                0x0000003a       0x20 CMakeFiles/can.elf.dir/Core/Src/main.c.obj
 .debug_rnglists
                0x0000005a       0x13 CMakeFiles/can.elf.dir/Core/Src/stm32f4xx_hal_msp.c.obj
 .debug_rnglists
                0x0000006d       0x49 CMakeFiles/can.elf.dir/Core/Src/stm32f4xx_it.c.obj
 .debug_rnglists
                0x000000b6       0x1a CMakeFiles/can.elf.dir/Core/Src/system_stm32f4xx.c.obj
 .debug_rnglists
                0x000000d0       0x19 CMakeFiles/can.elf.dir/Core/Startup/startup_stm32f407ighx.s.obj
 .debug_rnglists
                0x000000e9       0x20 CMakeFiles/can.elf.dir/Core/application/CAN_receive.c.obj
 .debug_rnglists
                0x00000109       0x13 CMakeFiles/can.elf.dir/Core/bsp/bsp_can.c.obj
 .debug_rnglists
                0x0000011c       0xaf CMakeFiles/can.elf.dir/Drivers/STM32F4xx_HAL_Driver/Src/stm32f4xx_hal.c.obj
 .debug_rnglists
                0x000001cb       0xf6 CMakeFiles/can.elf.dir/Drivers/STM32F4xx_HAL_Driver/Src/stm32f4xx_hal_can.c.obj
 .debug_rnglists
                0x000002c1       0xb5 CMakeFiles/can.elf.dir/Drivers/STM32F4xx_HAL_Driver/Src/stm32f4xx_hal_cortex.c.obj
 .debug_rnglists
                0x00000376       0x3f CMakeFiles/can.elf.dir/Drivers/STM32F4xx_HAL_Driver/Src/stm32f4xx_hal_gpio.c.obj
 .debug_rnglists
                0x000003b5       0x75 CMakeFiles/can.elf.dir/Drivers/STM32F4xx_HAL_Driver/Src/stm32f4xx_hal_rcc.c.obj

.debug_line     0x00000000     0x4d60
 .debug_line    0x00000000      0x4d6 CMakeFiles/can.elf.dir/Core/Src/can.c.obj
 .debug_line    0x000004d6      0x231 CMakeFiles/can.elf.dir/Core/Src/gpio.c.obj
 .debug_line    0x00000707      0x457 CMakeFiles/can.elf.dir/Core/Src/main.c.obj
 .debug_line    0x00000b5e      0x1af CMakeFiles/can.elf.dir/Core/Src/stm32f4xx_hal_msp.c.obj
 .debug_line    0x00000d0d      0x2f1 CMakeFiles/can.elf.dir/Core/Src/stm32f4xx_it.c.obj
 .debug_line    0x00000ffe      0x276 CMakeFiles/can.elf.dir/Core/Src/system_stm32f4xx.c.obj
 .debug_line    0x00001274       0x7a CMakeFiles/can.elf.dir/Core/Startup/startup_stm32f407ighx.s.obj
 .debug_line    0x000012ee      0x37a CMakeFiles/can.elf.dir/Core/application/CAN_receive.c.obj
 .debug_line    0x00001668      0x27a CMakeFiles/can.elf.dir/Core/bsp/bsp_can.c.obj
 .debug_line    0x000018e2      0x60d CMakeFiles/can.elf.dir/Drivers/STM32F4xx_HAL_Driver/Src/stm32f4xx_hal.c.obj
 .debug_line    0x00001eef     0x11f1 CMakeFiles/can.elf.dir/Drivers/STM32F4xx_HAL_Driver/Src/stm32f4xx_hal_can.c.obj
 .debug_line    0x000030e0      0x8d0 CMakeFiles/can.elf.dir/Drivers/STM32F4xx_HAL_Driver/Src/stm32f4xx_hal_cortex.c.obj
 .debug_line    0x000039b0      0x774 CMakeFiles/can.elf.dir/Drivers/STM32F4xx_HAL_Driver/Src/stm32f4xx_hal_gpio.c.obj
 .debug_line    0x00004124      0xc3c CMakeFiles/can.elf.dir/Drivers/STM32F4xx_HAL_Driver/Src/stm32f4xx_hal_rcc.c.obj

.debug_str      0x00000000     0x22f6
 .debug_str     0x00000000     0x22f6 CMakeFiles/can.elf.dir/Core/Src/can.c.obj
                                0xba7 (size before relaxing)
 .debug_str     0x000022f6      0x398 CMakeFiles/can.elf.dir/Core/Src/gpio.c.obj
 .debug_str     0x000022f6      0x51e CMakeFiles/can.elf.dir/Core/Src/main.c.obj
 .debug_str     0x000022f6      0x2d9 CMakeFiles/can.elf.dir/Core/Src/stm32f4xx_hal_msp.c.obj
 .debug_str     0x000022f6      0x514 CMakeFiles/can.elf.dir/Core/Src/stm32f4xx_it.c.obj
 .debug_str     0x000022f6      0x33f CMakeFiles/can.elf.dir/Core/Src/system_stm32f4xx.c.obj
 .debug_str     0x000022f6       0x8f CMakeFiles/can.elf.dir/Core/Startup/startup_stm32f407ighx.s.obj
 .debug_str     0x000022f6      0x705 CMakeFiles/can.elf.dir/Core/application/CAN_receive.c.obj
 .debug_str     0x000022f6      0x59e CMakeFiles/can.elf.dir/Core/bsp/bsp_can.c.obj
 .debug_str     0x000022f6      0xb82 CMakeFiles/can.elf.dir/Drivers/STM32F4xx_HAL_Driver/Src/stm32f4xx_hal.c.obj
 .debug_str     0x000022f6      0xa53 CMakeFiles/can.elf.dir/Drivers/STM32F4xx_HAL_Driver/Src/stm32f4xx_hal_can.c.obj
 .debug_str     0x000022f6      0xc93 CMakeFiles/can.elf.dir/Drivers/STM32F4xx_HAL_Driver/Src/stm32f4xx_hal_cortex.c.obj
 .debug_str     0x000022f6      0x4fe CMakeFiles/can.elf.dir/Drivers/STM32F4xx_HAL_Driver/Src/stm32f4xx_hal_gpio.c.obj
 .debug_str     0x000022f6      0x724 CMakeFiles/can.elf.dir/Drivers/STM32F4xx_HAL_Driver/Src/stm32f4xx_hal_rcc.c.obj

.comment        0x00000000       0x45
 .comment       0x00000000       0x45 CMakeFiles/can.elf.dir/Core/Src/can.c.obj
                                 0x46 (size before relaxing)
 .comment       0x00000045       0x46 CMakeFiles/can.elf.dir/Core/Src/gpio.c.obj
 .comment       0x00000045       0x46 CMakeFiles/can.elf.dir/Core/Src/main.c.obj
 .comment       0x00000045       0x46 CMakeFiles/can.elf.dir/Core/Src/stm32f4xx_hal_msp.c.obj
 .comment       0x00000045       0x46 CMakeFiles/can.elf.dir/Core/Src/stm32f4xx_it.c.obj
 .comment       0x00000045       0x46 CMakeFiles/can.elf.dir/Core/Src/system_stm32f4xx.c.obj
 .comment       0x00000045       0x46 CMakeFiles/can.elf.dir/Core/application/CAN_receive.c.obj
 .comment       0x00000045       0x46 CMakeFiles/can.elf.dir/Core/bsp/bsp_can.c.obj
 .comment       0x00000045       0x46 CMakeFiles/can.elf.dir/Drivers/STM32F4xx_HAL_Driver/Src/stm32f4xx_hal.c.obj
 .comment       0x00000045       0x46 CMakeFiles/can.elf.dir/Drivers/STM32F4xx_HAL_Driver/Src/stm32f4xx_hal_can.c.obj
 .comment       0x00000045       0x46 CMakeFiles/can.elf.dir/Drivers/STM32F4xx_HAL_Driver/Src/stm32f4xx_hal_cortex.c.obj
 .comment       0x00000045       0x46 CMakeFiles/can.elf.dir/Drivers/STM32F4xx_HAL_Driver/Src/stm32f4xx_hal_gpio.c.obj
 .comment       0x00000045       0x46 CMakeFiles/can.elf.dir/Drivers/STM32F4xx_HAL_Driver/Src/stm32f4xx_hal_rcc.c.obj

.debug_frame    0x00000000      0xe14
 .debug_frame   0x00000000       0x78 CMakeFiles/can.elf.dir/Core/Src/can.c.obj
 .debug_frame   0x00000078       0x30 CMakeFiles/can.elf.dir/Core/Src/gpio.c.obj
 .debug_frame   0x000000a8       0x58 CMakeFiles/can.elf.dir/Core/Src/main.c.obj
 .debug_frame   0x00000100       0x28 CMakeFiles/can.elf.dir/Core/Src/stm32f4xx_hal_msp.c.obj
 .debug_frame   0x00000128       0xc0 CMakeFiles/can.elf.dir/Core/Src/stm32f4xx_it.c.obj
 .debug_frame   0x000001e8       0x30 CMakeFiles/can.elf.dir/Core/Src/system_stm32f4xx.c.obj
 .debug_frame   0x00000218       0x6c CMakeFiles/can.elf.dir/Core/application/CAN_receive.c.obj
 .debug_frame   0x00000284       0x30 CMakeFiles/can.elf.dir/Core/bsp/bsp_can.c.obj
 .debug_frame   0x000002b4      0x1ec CMakeFiles/can.elf.dir/Drivers/STM32F4xx_HAL_Driver/Src/stm32f4xx_hal.c.obj
 .debug_frame   0x000004a0      0x2d4 CMakeFiles/can.elf.dir/Drivers/STM32F4xx_HAL_Driver/Src/stm32f4xx_hal_can.c.obj
 .debug_frame   0x00000774      0x214 CMakeFiles/can.elf.dir/Drivers/STM32F4xx_HAL_Driver/Src/stm32f4xx_hal_cortex.c.obj
 .debug_frame   0x00000988       0xd4 CMakeFiles/can.elf.dir/Drivers/STM32F4xx_HAL_Driver/Src/stm32f4xx_hal_gpio.c.obj
 .debug_frame   0x00000a5c      0x16c CMakeFiles/can.elf.dir/Drivers/STM32F4xx_HAL_Driver/Src/stm32f4xx_hal_rcc.c.obj
 .debug_frame   0x00000bc8       0x2c /Applications/ArmGNUToolchain/13.3.rel1/arm-none-eabi/bin/../lib/gcc/arm-none-eabi/13.3.1/thumb/v7e-m/nofp/libgcc.a(_aeabi_uldivmod.o)
 .debug_frame   0x00000bf4       0x34 /Applications/ArmGNUToolchain/13.3.rel1/arm-none-eabi/bin/../lib/gcc/arm-none-eabi/13.3.1/thumb/v7e-m/nofp/libgcc.a(_udivmoddi4.o)
 .debug_frame   0x00000c28       0x2c /Applications/ArmGNUToolchain/13.3.rel1/arm-none-eabi/bin/../lib/gcc/arm-none-eabi/13.3.1/../../../../arm-none-eabi/lib/thumb/v7e-m/nofp/libg.a(libc_a-memset.o)
 .debug_frame   0x00000c54       0x2c /Applications/ArmGNUToolchain/13.3.rel1/arm-none-eabi/bin/../lib/gcc/arm-none-eabi/13.3.1/../../../../arm-none-eabi/lib/thumb/v7e-m/nofp/libg.a(libc_a-init.o)
 .debug_frame   0x00000c80       0xb0 /Applications/ArmGNUToolchain/13.3.rel1/arm-none-eabi/bin/../lib/gcc/arm-none-eabi/13.3.1/../../../../arm-none-eabi/lib/thumb/v7e-m/nofp/libg.a(libc_a-lock.o)
 .debug_frame   0x00000d30       0x5c /Applications/ArmGNUToolchain/13.3.rel1/arm-none-eabi/bin/../lib/gcc/arm-none-eabi/13.3.1/../../../../arm-none-eabi/lib/thumb/v7e-m/nofp/libg.a(libc_a-__call_atexit.o)
 .debug_frame   0x00000d8c       0x20 /Applications/ArmGNUToolchain/13.3.rel1/arm-none-eabi/bin/../lib/gcc/arm-none-eabi/13.3.1/../../../../arm-none-eabi/lib/thumb/v7e-m/nofp/libg.a(libc_a-atexit.o)
 .debug_frame   0x00000dac       0x34 /Applications/ArmGNUToolchain/13.3.rel1/arm-none-eabi/bin/../lib/gcc/arm-none-eabi/13.3.1/../../../../arm-none-eabi/lib/thumb/v7e-m/nofp/libg.a(libc_a-fini.o)
 .debug_frame   0x00000de0       0x34 /Applications/ArmGNUToolchain/13.3.rel1/arm-none-eabi/bin/../lib/gcc/arm-none-eabi/13.3.1/../../../../arm-none-eabi/lib/thumb/v7e-m/nofp/libg.a(libc_a-__atexit.o)

.debug_line_str
                0x00000000      0x14e
 .debug_line_str
                0x00000000      0x14e CMakeFiles/can.elf.dir/Core/Startup/startup_stm32f407ighx.s.obj
                                 0x73 (size before relaxing)
 .debug_line_str
                0x0000014e       0xcf /Applications/ArmGNUToolchain/13.3.rel1/arm-none-eabi/bin/../lib/gcc/arm-none-eabi/13.3.1/thumb/v7e-m/nofp/libgcc.a(_aeabi_uldivmod.o)
 .debug_line_str
                0x0000014e       0xd3 /Applications/ArmGNUToolchain/13.3.rel1/arm-none-eabi/bin/../lib/gcc/arm-none-eabi/13.3.1/thumb/v7e-m/nofp/libgcc.a(_dvmd_tls.o)
